Python executable: C:\Python314\python.exe
Python version: 3.14.2 (tags/v3.14.2:df79316, Dec  5 2025, 17:18:21) [MSC v.1944 64 bit (AMD64)]
Error importing SciPy: No module named 'scipy'
File data/DREAMER.mat exists, size: 452847973 bytes
